
> build
> next build

   鈻?Next.js 16.0.7 (Turbopack)
   - Environments: .env

node.exe :  鈿?The "middleware
" file convention is deprecat
ed. Please use "proxy" instea
d. Learn more: https://nextjs
.org/docs/messages/middleware
-to-proxy
所在位置 D:\ruanjian\node\npm.ps1
:29 字符: 3
+   & $NODE_EXE $NPM_CLI_JS $
args
+   ~~~~~~~~~~~~~~~~~~~~~~~~~
~~~~
    + CategoryInfo           
   : NotSpecified: ( 鈿?The   
  "middlew...leware-to-pro   
 xy:String) [], RemoteExc    
eption
    + FullyQualifiedErrorId  
   : NativeCommandError
 
   Creating an optimized production build ...
Browserslist: browsers data (
caniuse-lite) is 11 months ol
d. Please run:
  npx update-browserslist-db@
latest
  Why you should do it regula
rly: https://github.com/brows
erslist/update-db#readme
 鉁?Compiled successfully in 12.8s
   Running TypeScript ...
   Collecting page data using 3 workers ...
OpenAI/OpenRouter API configuration: {
  baseURL: 'https://openrouter.ai/api/v1',
  hasApiKey: false,
  keyLength: 0
}
   Generating static pages using 3 workers (0/41) ...
OpenAI/OpenRouter API configuration: {
  baseURL: 'https://openrouter.ai/api/v1',
  hasApiKey: false,
  keyLength: 0
}
   Generating static pages using 3 workers (10/41) 
   Generating static pages using 3 workers (20/41) 
   Generating static pages using 3 workers (30/41) 
 鉁?Generating static pages using 3 workers (41/41) in 1434.4ms
   Finalizing page optimization ...

Route (app)
鈹?茠 /
鈹?茠 /_not-found
鈹?茠 /about
鈹?茠 /ai
鈹?茠 /api/chinese-names/generate
鈹?茠 /api/credits
鈹?茠 /api/creem/customer-portal
鈹?茠 /api/generate-pdf
鈹?茠 /api/generation-batches
鈹?茠 /api/generation-batches/[id]
鈹?茠 /api/generation-history
鈹?茠 /api/saved-names
鈹?茠 /api/saved-names/[id]
鈹?茠 /api/saved-names/[id]/select
鈹?茠 /api/system/keep-alive
鈹?茠 /api/tts
鈹?茠 /api/webhooks/creem
鈹?茠 /auth/callback
鈹?茠 /blog
鈹?茠 /blog/fusion-design-tips
鈹?茠 /blog/pokemon-fusion-technology
鈹?茠 /blog/pokemon-infinite-fusion-guide
鈹?茠 /blog/top-dragon-ball-fusions
鈹?茠 /contact
鈹?茠 /dashboard
鈹?茠 /dashboard/reset-password
鈹?茠 /dragon-ball
鈹?茠 /forgot-password
鈹?茠 /gallery
鈹?茠 /name-detail
鈹?茠 /pokemon
鈹?茠 /pricing
鈹?茠 /privacy
鈹?茠 /product/about
鈹?茠 /product/popular-names
鈹?茠 /product/random-generator
鈹?茠 /profile
鈹?茠 /profile/batch/[id]
鈹?茠 /results
鈹?鈼?/robots.txt
鈹?茠 /sign-in
鈹?茠 /sign-up
鈹?鈼?/sitemap.xml
鈹?茠 /terms


茠 Proxy (Middleware)

鈼? (Static)   prerendered as static content
茠  (Dynamic)  server-rendered on demand

